2026-08-19 | 000998 隆平高科 | 数据缺失
2026-08-19 | 000715 中兴商业 | 数据缺失
2026-08-19 | 000735 罗 | 数据缺失
2026-08-19 | 000019 深粮控股 | 数据缺失
2026-08-19 | 000919 金陵药业 | 数据缺失
2026-08-20 | 000831 中国稀土 | O60.80 C59.33 | 当日涨跌幅-2.42% | 最高涨幅+0.13% | 最大回撤-2.96%
2026-08-20 | 003031 中瓷电子 | O133.00 C129.90 | 当日涨跌幅-2.33% | 最高涨幅+1.13% | 最大回撤-3.68%
2026-08-21 | 000831 中国稀土 | 数据缺失
2026-08-24 | 000737 北方铜业 | 数据缺失
2026-08-24 | 600460 士兰微 | 数据缺失
2026-08-24 | 600547 山东黄金 | 数据缺失
2026-08-24 | 601919 中远海控 | 数据缺失
2026-08-26 | 600547 山东黄金 | 数据缺失
2026-09-01 | 001965 招商公路 | O9.82 C9.90 | 当日涨跌幅+0.81% | 最高涨幅+1.32% | 最大回撤-0.51%
2026-09-02 | 002670 国盛证券 | O12.51 C12.39 | 当日涨跌幅-0.96% | 最高涨幅+1.12% | 最大回撤-1.92%
2026-09-02 | 000878 云南铜业 | O17.20 C17.54 | 当日涨跌幅+1.98% | 最高涨幅+2.44% | 最大回撤-1.16%
2026-09-02 | 600309 万华化学 | 数据缺失
2026-09-02 | 000997 新 | 数据缺失
2026-09-02 | 000937 冀中能源 | 数据缺失
2026-09-03 | 002670 国盛证券 | 数据缺失
2026-09-03 | 000768 中航西飞 | 数据缺失
2026-09-03 | 000830 鲁西化工 | 数据缺失
2026-09-04 | 000062 深圳华强 | 数据缺失
2026-09-04 | 000519 中兵红箭 | 数据缺失
2026-09-04 | 601136 首创证券 | 数据缺失
2026-09-04 | 601169 北京银行 | 数据缺失
2026-09-04 | 601058 赛轮轮胎 | 数据缺失
